[0.007s] Invoking command in '/home/colcon_ws/src/dynamixel_wrapper/build/dynamixel_wrapper': CMAKE_PREFIX_PATH=${CMAKE_PREFIX_PATH}:/opt/ros/humble /usr/bin/cmake /home/colcon_ws/src/dynamixel_wrapper -DCMAKE_INSTALL_PREFIX=/home/colcon_ws/src/dynamixel_wrapper/install/dynamixel_wrapper
[0.048s] -- The C compiler identification is GNU 11.4.0
[0.090s] -- The CXX compiler identification is GNU 11.4.0
[0.095s] -- Detecting C compiler ABI info
[0.151s] -- Detecting C compiler ABI info - done
[0.156s] -- Check for working C compiler: /usr/bin/cc - skipped
[0.156s] -- Detecting C compile features
[0.156s] -- Detecting C compile features - done
[0.158s] -- Detecting CXX compiler ABI info
[0.218s] -- Detecting CXX compiler ABI info - done
[0.223s] -- Check for working CXX compiler: /usr/bin/c++ - skipped
[0.223s] -- Detecting CXX compile features
[0.224s] -- Detecting CXX compile features - done
[0.225s] -- Found ament_cmake: 1.3.11 (/opt/ros/humble/share/ament_cmake/cmake)
[0.338s] -- Found Python3: /usr/bin/python3 (found version "3.10.12") found components: Interpreter 
[0.395s] -- Found rclcpp: 16.0.12 (/opt/ros/humble/share/rclcpp/cmake)
[0.424s] -- Found rosidl_generator_c: 3.1.6 (/opt/ros/humble/share/rosidl_generator_c/cmake)
[0.427s] -- Found rosidl_adapter: 3.1.6 (/opt/ros/humble/share/rosidl_adapter/cmake)
[0.432s] -- Found rosidl_generator_cpp: 3.1.6 (/opt/ros/humble/share/rosidl_generator_cpp/cmake)
[0.439s] -- Using all available rosidl_typesupport_c: rosidl_typesupport_fastrtps_c;rosidl_typesupport_introspection_c
[0.448s] -- Using all available rosidl_typesupport_cpp: rosidl_typesupport_fastrtps_cpp;rosidl_typesupport_introspection_cpp
[0.474s] -- Found rmw_implementation_cmake: 6.1.2 (/opt/ros/humble/share/rmw_implementation_cmake/cmake)
[0.475s] -- Found rmw_fastrtps_cpp: 6.2.7 (/opt/ros/humble/share/rmw_fastrtps_cpp/cmake)
[0.544s] -- Found OpenSSL: /usr/lib/x86_64-linux-gnu/libcrypto.so (found version "3.0.2")  
[0.566s] -- Found FastRTPS: /opt/ros/humble/include  
[0.598s] -- Using RMW implementation 'rmw_fastrtps_cpp' as default
[0.603s] -- Looking for pthread.h
[0.658s] -- Looking for pthread.h - found
[0.658s] -- Performing Test CMAKE_HAVE_LIBC_PTHREAD
[0.717s] -- Performing Test CMAKE_HAVE_LIBC_PTHREAD - Success
[0.718s] -- Found Threads: TRUE  
[0.749s] -- Found dynamixel_sdk: 3.8.4 (/home/colcon_ws/install/dynamixel_sdk/share/dynamixel_sdk/cmake)
[0.792s] -- Configuring done
[0.798s] -- Generating done
[0.801s] -- Build files have been written to: /home/colcon_ws/src/dynamixel_wrapper/build/dynamixel_wrapper
[0.807s] Invoked command in '/home/colcon_ws/src/dynamixel_wrapper/build/dynamixel_wrapper' returned '0': CMAKE_PREFIX_PATH=${CMAKE_PREFIX_PATH}:/opt/ros/humble /usr/bin/cmake /home/colcon_ws/src/dynamixel_wrapper -DCMAKE_INSTALL_PREFIX=/home/colcon_ws/src/dynamixel_wrapper/install/dynamixel_wrapper
[0.808s] Invoking command in '/home/colcon_ws/src/dynamixel_wrapper/build/dynamixel_wrapper': CMAKE_PREFIX_PATH=${CMAKE_PREFIX_PATH}:/opt/ros/humble /usr/bin/cmake --build /home/colcon_ws/src/dynamixel_wrapper/build/dynamixel_wrapper -- -j12 -l12
[0.855s] [ 25%] [32mBuilding CXX object CMakeFiles/dynamixel_wrapper.dir/src/dynamixel_wrapper/dynamixel_wrapper.cpp.o[0m
[2.422s] [ 50%] [32m[1mLinking CXX static library libdynamixel_wrapper.a[0m
[2.444s] [ 50%] Built target dynamixel_wrapper
[2.462s] [ 75%] [32mBuilding CXX object CMakeFiles/position_node.dir/src/examples/position_control.cpp.o[0m
[4.093s] [100%] [32m[1mLinking CXX executable position_node[0m
[4.172s] [100%] Built target position_node
[4.188s] Invoked command in '/home/colcon_ws/src/dynamixel_wrapper/build/dynamixel_wrapper' returned '0': CMAKE_PREFIX_PATH=${CMAKE_PREFIX_PATH}:/opt/ros/humble /usr/bin/cmake --build /home/colcon_ws/src/dynamixel_wrapper/build/dynamixel_wrapper -- -j12 -l12
[4.195s] Invoking command in '/home/colcon_ws/src/dynamixel_wrapper/build/dynamixel_wrapper': CMAKE_PREFIX_PATH=${CMAKE_PREFIX_PATH}:/opt/ros/humble /usr/bin/cmake --install /home/colcon_ws/src/dynamixel_wrapper/build/dynamixel_wrapper
[4.203s] -- Install configuration: ""
[4.203s] -- Installing: /home/colcon_ws/src/dynamixel_wrapper/install/dynamixel_wrapper/lib/dynamixel_wrapper/libdynamixel_wrapper.a
[4.203s] -- Installing: /home/colcon_ws/src/dynamixel_wrapper/install/dynamixel_wrapper/lib/dynamixel_wrapper/position_node
[4.203s] -- Set runtime path of "/home/colcon_ws/src/dynamixel_wrapper/install/dynamixel_wrapper/lib/dynamixel_wrapper/position_node" to ""
[4.203s] -- Installing: /home/colcon_ws/src/dynamixel_wrapper/install/dynamixel_wrapper/include/dynamixel_wrapper
[4.203s] -- Installing: /home/colcon_ws/src/dynamixel_wrapper/install/dynamixel_wrapper/include/dynamixel_wrapper/dynamixel_wrapper_config.h
[4.203s] -- Installing: /home/colcon_ws/src/dynamixel_wrapper/install/dynamixel_wrapper/include/dynamixel_wrapper/model
[4.203s] -- Installing: /home/colcon_ws/src/dynamixel_wrapper/install/dynamixel_wrapper/include/dynamixel_wrapper/model/XM430_W350_R.h
[4.203s] -- Installing: /home/colcon_ws/src/dynamixel_wrapper/install/dynamixel_wrapper/include/dynamixel_wrapper/model/PH42_020_S300_R.h
[4.203s] -- Installing: /home/colcon_ws/src/dynamixel_wrapper/install/dynamixel_wrapper/include/dynamixel_wrapper/model/PH54_200_S500_R.h
[4.203s] -- Installing: /home/colcon_ws/src/dynamixel_wrapper/install/dynamixel_wrapper/include/dynamixel_wrapper/model/PH54_100_S500_R.h
[4.203s] -- Installing: /home/colcon_ws/src/dynamixel_wrapper/install/dynamixel_wrapper/include/dynamixel_wrapper/model/XL330.h
[4.204s] -- Installing: /home/colcon_ws/src/dynamixel_wrapper/install/dynamixel_wrapper/include/dynamixel_wrapper/model/XC330_T181_T.h
[4.204s] -- Installing: /home/colcon_ws/src/dynamixel_wrapper/install/dynamixel_wrapper/include/dynamixel_wrapper/dynamixel_wrapper_configs.h
[4.204s] -- Installing: /home/colcon_ws/src/dynamixel_wrapper/install/dynamixel_wrapper/include/dynamixel_wrapper/dynamixel_wrapper.h
[4.204s] -- Installing: /home/colcon_ws/src/dynamixel_wrapper/install/dynamixel_wrapper/include/dynamixel_wrapper/dynamixel_wrapper_base.h
[4.204s] -- Installing: /home/colcon_ws/src/dynamixel_wrapper/install/dynamixel_wrapper/share/ament_index/resource_index/package_run_dependencies/dynamixel_wrapper
[4.204s] -- Installing: /home/colcon_ws/src/dynamixel_wrapper/install/dynamixel_wrapper/share/ament_index/resource_index/parent_prefix_path/dynamixel_wrapper
[4.204s] -- Installing: /home/colcon_ws/src/dynamixel_wrapper/install/dynamixel_wrapper/share/dynamixel_wrapper/environment/ament_prefix_path.sh
[4.204s] -- Installing: /home/colcon_ws/src/dynamixel_wrapper/install/dynamixel_wrapper/share/dynamixel_wrapper/environment/ament_prefix_path.dsv
[4.204s] -- Installing: /home/colcon_ws/src/dynamixel_wrapper/install/dynamixel_wrapper/share/dynamixel_wrapper/environment/path.sh
[4.204s] -- Installing: /home/colcon_ws/src/dynamixel_wrapper/install/dynamixel_wrapper/share/dynamixel_wrapper/environment/path.dsv
[4.204s] -- Installing: /home/colcon_ws/src/dynamixel_wrapper/install/dynamixel_wrapper/share/dynamixel_wrapper/local_setup.bash
[4.204s] -- Installing: /home/colcon_ws/src/dynamixel_wrapper/install/dynamixel_wrapper/share/dynamixel_wrapper/local_setup.sh
[4.204s] -- Installing: /home/colcon_ws/src/dynamixel_wrapper/install/dynamixel_wrapper/share/dynamixel_wrapper/local_setup.zsh
[4.204s] -- Installing: /home/colcon_ws/src/dynamixel_wrapper/install/dynamixel_wrapper/share/dynamixel_wrapper/local_setup.dsv
[4.204s] -- Installing: /home/colcon_ws/src/dynamixel_wrapper/install/dynamixel_wrapper/share/dynamixel_wrapper/package.dsv
[4.205s] -- Installing: /home/colcon_ws/src/dynamixel_wrapper/install/dynamixel_wrapper/share/ament_index/resource_index/packages/dynamixel_wrapper
[4.205s] -- Installing: /home/colcon_ws/src/dynamixel_wrapper/install/dynamixel_wrapper/share/dynamixel_wrapper/cmake/dynamixel_wrapperConfig.cmake
[4.205s] -- Installing: /home/colcon_ws/src/dynamixel_wrapper/install/dynamixel_wrapper/share/dynamixel_wrapper/cmake/dynamixel_wrapperConfig-version.cmake
[4.205s] -- Installing: /home/colcon_ws/src/dynamixel_wrapper/install/dynamixel_wrapper/share/dynamixel_wrapper/package.xml
[4.206s] Invoked command in '/home/colcon_ws/src/dynamixel_wrapper/build/dynamixel_wrapper' returned '0': CMAKE_PREFIX_PATH=${CMAKE_PREFIX_PATH}:/opt/ros/humble /usr/bin/cmake --install /home/colcon_ws/src/dynamixel_wrapper/build/dynamixel_wrapper
