[0.060s] DEBUG:colcon:Command line arguments: ['/usr/bin/colcon', 'build']
[0.060s] DEBUG:colcon:Parsed command line arguments: Namespace(log_base=None, log_level=None, verb_name='build', build_base='build', install_base='install', merge_install=False, symlink_install=False, test_result_base=None, continue_on_error=False, executor='parallel', parallel_workers=12, event_handlers=None, ignore_user_meta=False, metas=['./colcon.meta'], base_paths=['.'], packages_ignore=None, packages_ignore_regex=None, paths=None, packages_up_to=None, packages_up_to_regex=None, packages_above=None, packages_above_and_dependencies=None, packages_above_depth=None, packages_select_by_dep=None, packages_skip_by_dep=None, packages_skip_up_to=None, packages_select_build_failed=False, packages_skip_build_finished=False, packages_select_test_failures=False, packages_skip_test_passed=False, packages_select=None, packages_skip=None, packages_select_regex=None, packages_skip_regex=None, packages_start=None, packages_end=None, allow_overriding=[], cmake_args=None, cmake_target=None, cmake_target_skip_unavailable=False, cmake_clean_cache=False, cmake_clean_first=False, cmake_force_configure=False, ament_cmake_args=None, catkin_cmake_args=None, catkin_skip_building_tests=False, verb_parser=<colcon_defaults.argument_parser.defaults.DefaultArgumentsDecorator object at 0x7ba28c8cf610>, verb_extension=<colcon_core.verb.build.BuildVerb object at 0x7ba28c8cf100>, main=<bound method BuildVerb.main of <colcon_core.verb.build.BuildVerb object at 0x7ba28c8cf100>>)
[0.139s] Level 1:colcon.colcon_core.package_discovery:discover_packages(colcon_meta) check parameters
[0.139s] Level 1:colcon.colcon_core.package_discovery:discover_packages(recursive) check parameters
[0.139s] Level 1:colcon.colcon_core.package_discovery:discover_packages(ignore) check parameters
[0.139s] Level 1:colcon.colcon_core.package_discovery:discover_packages(path) check parameters
[0.139s] Level 1:colcon.colcon_core.package_discovery:discover_packages(colcon_meta) discover
[0.139s] Level 1:colcon.colcon_core.package_discovery:discover_packages(recursive) discover
[0.139s] INFO:colcon.colcon_core.package_discovery:Crawling recursively for packages in '/home/colcon_ws/src/dynamixel_wrapper'
[0.139s] Level 1:colcon.colcon_core.package_identification:_identify(.) by extensions ['ignore', 'ignore_ament_install']
[0.139s] Level 1:colcon.colcon_core.package_identification:_identify(.) by extension 'ignore'
[0.139s] Level 1:colcon.colcon_core.package_identification:_identify(.) by extension 'ignore_ament_install'
[0.139s] Level 1:colcon.colcon_core.package_identification:_identify(.) by extensions ['colcon_pkg']
[0.139s] Level 1:colcon.colcon_core.package_identification:_identify(.) by extension 'colcon_pkg'
[0.139s] Level 1:colcon.colcon_core.package_identification:_identify(.) by extensions ['colcon_meta']
[0.139s] Level 1:colcon.colcon_core.package_identification:_identify(.) by extension 'colcon_meta'
[0.139s] Level 1:colcon.colcon_core.package_identification:_identify(.) by extensions ['ros']
[0.139s] Level 1:colcon.colcon_core.package_identification:_identify(.) by extension 'ros'
[0.147s] DEBUG:colcon.colcon_core.package_identification:Package '.' with type 'ros.ament_cmake' and name 'dynamixel_wrapper'
[0.147s] Level 1:colcon.colcon_core.package_discovery:discover_packages(recursive) using defaults
[0.147s] Level 1:colcon.colcon_core.package_discovery:discover_packages(ignore) discover
[0.147s] Level 1:colcon.colcon_core.package_discovery:discover_packages(ignore) using defaults
[0.147s] Level 1:colcon.colcon_core.package_discovery:discover_packages(path) discover
[0.147s] Level 1:colcon.colcon_core.package_discovery:discover_packages(path) using defaults
[0.159s] Level 1:colcon.colcon_core.package_discovery:discover_packages(prefix_path) check parameters
[0.159s] Level 1:colcon.colcon_core.package_discovery:discover_packages(prefix_path) discover
[0.159s] WARNING:colcon.colcon_ros.prefix_path.ament:The path '/home/colcon_ws/src/dynamixel_wrapper/install/dynamixel_wrapper' in the environment variable AMENT_PREFIX_PATH doesn't exist
[0.159s] WARNING:colcon.colcon_ros.prefix_path.catkin:The path '/home/colcon_ws/src/dynamixel_wrapper/install/dynamixel_wrapper' in the environment variable CMAKE_PREFIX_PATH doesn't exist
[0.160s] DEBUG:colcon.colcon_installed_package_information.package_discovery:Found 0 installed packages in /home/colcon_ws/src/dynamixel_wrapper/install
[0.160s] DEBUG:colcon.colcon_installed_package_information.package_discovery:Found 4 installed packages in /home/colcon_ws/install
[0.161s] DEBUG:colcon.colcon_installed_package_information.package_discovery:Found 338 installed packages in /opt/ros/humble
[0.162s] Level 1:colcon.colcon_core.package_discovery:discover_packages(prefix_path) using defaults
[0.192s] Level 5:colcon.colcon_core.verb:set package 'dynamixel_wrapper' build argument 'cmake_args' from command line to 'None'
[0.192s] Level 5:colcon.colcon_core.verb:set package 'dynamixel_wrapper' build argument 'cmake_target' from command line to 'None'
[0.192s] Level 5:colcon.colcon_core.verb:set package 'dynamixel_wrapper' build argument 'cmake_target_skip_unavailable' from command line to 'False'
[0.192s] Level 5:colcon.colcon_core.verb:set package 'dynamixel_wrapper' build argument 'cmake_clean_cache' from command line to 'False'
[0.193s] Level 5:colcon.colcon_core.verb:set package 'dynamixel_wrapper' build argument 'cmake_clean_first' from command line to 'False'
[0.193s] Level 5:colcon.colcon_core.verb:set package 'dynamixel_wrapper' build argument 'cmake_force_configure' from command line to 'False'
[0.193s] Level 5:colcon.colcon_core.verb:set package 'dynamixel_wrapper' build argument 'ament_cmake_args' from command line to 'None'
[0.193s] Level 5:colcon.colcon_core.verb:set package 'dynamixel_wrapper' build argument 'catkin_cmake_args' from command line to 'None'
[0.193s] Level 5:colcon.colcon_core.verb:set package 'dynamixel_wrapper' build argument 'catkin_skip_building_tests' from command line to 'False'
[0.193s] DEBUG:colcon.colcon_core.verb:Building package 'dynamixel_wrapper' with the following arguments: {'ament_cmake_args': None, 'build_base': '/home/colcon_ws/src/dynamixel_wrapper/build/dynamixel_wrapper', 'catkin_cmake_args': None, 'catkin_skip_building_tests': False, 'cmake_args': None, 'cmake_clean_cache': False, 'cmake_clean_first': False, 'cmake_force_configure': False, 'cmake_target': None, 'cmake_target_skip_unavailable': False, 'install_base': '/home/colcon_ws/src/dynamixel_wrapper/install/dynamixel_wrapper', 'merge_install': False, 'path': '/home/colcon_ws/src/dynamixel_wrapper', 'symlink_install': False, 'test_result_base': None}
[0.193s] INFO:colcon.colcon_core.executor:Executing jobs using 'parallel' executor
[0.194s] DEBUG:colcon.colcon_parallel_executor.executor.parallel:run_until_complete
[0.194s] INFO:colcon.colcon_ros.task.ament_cmake.build:Building ROS package in '/home/colcon_ws/src/dynamixel_wrapper' with build type 'ament_cmake'
[0.194s] INFO:colcon.colcon_cmake.task.cmake.build:Building CMake package in '/home/colcon_ws/src/dynamixel_wrapper'
[0.195s] INFO:colcon.colcon_core.plugin_system:Skipping extension 'colcon_core.shell.bat': Not used on non-Windows systems
[0.195s] INFO:colcon.colcon_core.shell:Skip shell extension 'powershell' for command environment: Not usable outside of PowerShell
[0.195s] DEBUG:colcon.colcon_core.shell:Skip shell extension 'dsv' for command environment
[0.202s] DEBUG:colcon.colcon_core.event_handler.log_command:Invoking command in '/home/colcon_ws/src/dynamixel_wrapper/build/dynamixel_wrapper': CMAKE_PREFIX_PATH=${CMAKE_PREFIX_PATH}:/opt/ros/humble /usr/bin/cmake /home/colcon_ws/src/dynamixel_wrapper -DCMAKE_INSTALL_PREFIX=/home/colcon_ws/src/dynamixel_wrapper/install/dynamixel_wrapper
[1.001s] DEBUG:colcon.colcon_core.event_handler.log_command:Invoked command in '/home/colcon_ws/src/dynamixel_wrapper/build/dynamixel_wrapper' returned '0': CMAKE_PREFIX_PATH=${CMAKE_PREFIX_PATH}:/opt/ros/humble /usr/bin/cmake /home/colcon_ws/src/dynamixel_wrapper -DCMAKE_INSTALL_PREFIX=/home/colcon_ws/src/dynamixel_wrapper/install/dynamixel_wrapper
[1.002s] DEBUG:colcon.colcon_core.event_handler.log_command:Invoking command in '/home/colcon_ws/src/dynamixel_wrapper/build/dynamixel_wrapper': CMAKE_PREFIX_PATH=${CMAKE_PREFIX_PATH}:/opt/ros/humble /usr/bin/cmake --build /home/colcon_ws/src/dynamixel_wrapper/build/dynamixel_wrapper -- -j12 -l12
[4.382s] DEBUG:colcon.colcon_core.event_handler.log_command:Invoked command in '/home/colcon_ws/src/dynamixel_wrapper/build/dynamixel_wrapper' returned '0': CMAKE_PREFIX_PATH=${CMAKE_PREFIX_PATH}:/opt/ros/humble /usr/bin/cmake --build /home/colcon_ws/src/dynamixel_wrapper/build/dynamixel_wrapper -- -j12 -l12
[4.389s] DEBUG:colcon.colcon_core.event_handler.log_command:Invoking command in '/home/colcon_ws/src/dynamixel_wrapper/build/dynamixel_wrapper': CMAKE_PREFIX_PATH=${CMAKE_PREFIX_PATH}:/opt/ros/humble /usr/bin/cmake --install /home/colcon_ws/src/dynamixel_wrapper/build/dynamixel_wrapper
[4.400s] Level 1:colcon.colcon_core.environment:create_environment_scripts_only(dynamixel_wrapper)
[4.400s] DEBUG:colcon.colcon_core.event_handler.log_command:Invoked command in '/home/colcon_ws/src/dynamixel_wrapper/build/dynamixel_wrapper' returned '0': CMAKE_PREFIX_PATH=${CMAKE_PREFIX_PATH}:/opt/ros/humble /usr/bin/cmake --install /home/colcon_ws/src/dynamixel_wrapper/build/dynamixel_wrapper
[4.402s] Level 1:colcon.colcon_core.environment:checking '/home/colcon_ws/src/dynamixel_wrapper/install/dynamixel_wrapper' for CMake module files
[4.402s] Level 1:colcon.colcon_core.environment:checking '/home/colcon_ws/src/dynamixel_wrapper/install/dynamixel_wrapper' for CMake config files
[4.402s] Level 1:colcon.colcon_core.shell:create_environment_hook('dynamixel_wrapper', 'cmake_prefix_path')
[4.402s] INFO:colcon.colcon_core.shell:Creating environment hook '/home/colcon_ws/src/dynamixel_wrapper/install/dynamixel_wrapper/share/dynamixel_wrapper/hook/cmake_prefix_path.ps1'
[4.403s] INFO:colcon.colcon_core.shell:Creating environment descriptor '/home/colcon_ws/src/dynamixel_wrapper/install/dynamixel_wrapper/share/dynamixel_wrapper/hook/cmake_prefix_path.dsv'
[4.403s] INFO:colcon.colcon_core.shell:Creating environment hook '/home/colcon_ws/src/dynamixel_wrapper/install/dynamixel_wrapper/share/dynamixel_wrapper/hook/cmake_prefix_path.sh'
[4.403s] Level 1:colcon.colcon_core.environment:checking '/home/colcon_ws/src/dynamixel_wrapper/install/dynamixel_wrapper/lib'
[4.404s] Level 1:colcon.colcon_core.environment:checking '/home/colcon_ws/src/dynamixel_wrapper/install/dynamixel_wrapper/bin'
[4.404s] Level 1:colcon.colcon_core.environment:checking '/home/colcon_ws/src/dynamixel_wrapper/install/dynamixel_wrapper/lib/pkgconfig/dynamixel_wrapper.pc'
[4.404s] Level 1:colcon.colcon_core.environment:checking '/home/colcon_ws/src/dynamixel_wrapper/install/dynamixel_wrapper/lib/python3.10/site-packages'
[4.404s] Level 1:colcon.colcon_core.environment:checking '/home/colcon_ws/src/dynamixel_wrapper/install/dynamixel_wrapper/bin'
[4.404s] INFO:colcon.colcon_core.shell:Creating package script '/home/colcon_ws/src/dynamixel_wrapper/install/dynamixel_wrapper/share/dynamixel_wrapper/package.ps1'
[4.405s] INFO:colcon.colcon_core.shell:Creating package descriptor '/home/colcon_ws/src/dynamixel_wrapper/install/dynamixel_wrapper/share/dynamixel_wrapper/package.dsv'
[4.405s] INFO:colcon.colcon_core.shell:Creating package script '/home/colcon_ws/src/dynamixel_wrapper/install/dynamixel_wrapper/share/dynamixel_wrapper/package.sh'
[4.406s] INFO:colcon.colcon_core.shell:Creating package script '/home/colcon_ws/src/dynamixel_wrapper/install/dynamixel_wrapper/share/dynamixel_wrapper/package.bash'
[4.406s] INFO:colcon.colcon_core.shell:Creating package script '/home/colcon_ws/src/dynamixel_wrapper/install/dynamixel_wrapper/share/dynamixel_wrapper/package.zsh'
[4.406s] Level 1:colcon.colcon_core.environment:create_file_with_runtime_dependencies(/home/colcon_ws/src/dynamixel_wrapper/install/dynamixel_wrapper/share/colcon-core/packages/dynamixel_wrapper)
[4.407s] Level 1:colcon.colcon_core.environment:create_environment_scripts_only(dynamixel_wrapper)
[4.407s] Level 1:colcon.colcon_core.environment:checking '/home/colcon_ws/src/dynamixel_wrapper/install/dynamixel_wrapper' for CMake module files
[4.407s] Level 1:colcon.colcon_core.environment:checking '/home/colcon_ws/src/dynamixel_wrapper/install/dynamixel_wrapper' for CMake config files
[4.407s] Level 1:colcon.colcon_core.shell:create_environment_hook('dynamixel_wrapper', 'cmake_prefix_path')
[4.407s] INFO:colcon.colcon_core.shell:Creating environment hook '/home/colcon_ws/src/dynamixel_wrapper/install/dynamixel_wrapper/share/dynamixel_wrapper/hook/cmake_prefix_path.ps1'
[4.407s] INFO:colcon.colcon_core.shell:Creating environment descriptor '/home/colcon_ws/src/dynamixel_wrapper/install/dynamixel_wrapper/share/dynamixel_wrapper/hook/cmake_prefix_path.dsv'
[4.408s] INFO:colcon.colcon_core.shell:Creating environment hook '/home/colcon_ws/src/dynamixel_wrapper/install/dynamixel_wrapper/share/dynamixel_wrapper/hook/cmake_prefix_path.sh'
[4.408s] Level 1:colcon.colcon_core.environment:checking '/home/colcon_ws/src/dynamixel_wrapper/install/dynamixel_wrapper/lib'
[4.408s] Level 1:colcon.colcon_core.environment:checking '/home/colcon_ws/src/dynamixel_wrapper/install/dynamixel_wrapper/bin'
[4.408s] Level 1:colcon.colcon_core.environment:checking '/home/colcon_ws/src/dynamixel_wrapper/install/dynamixel_wrapper/lib/pkgconfig/dynamixel_wrapper.pc'
[4.408s] Level 1:colcon.colcon_core.environment:checking '/home/colcon_ws/src/dynamixel_wrapper/install/dynamixel_wrapper/lib/python3.10/site-packages'
[4.408s] Level 1:colcon.colcon_core.environment:checking '/home/colcon_ws/src/dynamixel_wrapper/install/dynamixel_wrapper/bin'
[4.408s] INFO:colcon.colcon_core.shell:Creating package script '/home/colcon_ws/src/dynamixel_wrapper/install/dynamixel_wrapper/share/dynamixel_wrapper/package.ps1'
[4.409s] INFO:colcon.colcon_core.shell:Creating package descriptor '/home/colcon_ws/src/dynamixel_wrapper/install/dynamixel_wrapper/share/dynamixel_wrapper/package.dsv'
[4.409s] INFO:colcon.colcon_core.shell:Creating package script '/home/colcon_ws/src/dynamixel_wrapper/install/dynamixel_wrapper/share/dynamixel_wrapper/package.sh'
[4.409s] INFO:colcon.colcon_core.shell:Creating package script '/home/colcon_ws/src/dynamixel_wrapper/install/dynamixel_wrapper/share/dynamixel_wrapper/package.bash'
[4.409s] INFO:colcon.colcon_core.shell:Creating package script '/home/colcon_ws/src/dynamixel_wrapper/install/dynamixel_wrapper/share/dynamixel_wrapper/package.zsh'
[4.410s] Level 1:colcon.colcon_core.environment:create_file_with_runtime_dependencies(/home/colcon_ws/src/dynamixel_wrapper/install/dynamixel_wrapper/share/colcon-core/packages/dynamixel_wrapper)
[4.410s] DEBUG:colcon.colcon_parallel_executor.executor.parallel:closing loop
[4.410s] DEBUG:colcon.colcon_parallel_executor.executor.parallel:loop closed
[4.410s] DEBUG:colcon.colcon_parallel_executor.executor.parallel:run_until_complete finished with '0'
[4.410s] DEBUG:colcon.colcon_core.event_reactor:joining thread
[4.413s] INFO:colcon.colcon_core.plugin_system:Skipping extension 'colcon_notification.desktop_notification.notify_send': Could not find 'notify-send'
[4.413s] INFO:colcon.colcon_core.plugin_system:Skipping extension 'colcon_notification.desktop_notification.terminal_notifier': Not used on non-Darwin systems
[4.413s] INFO:colcon.colcon_core.plugin_system:Skipping extension 'colcon_notification.desktop_notification.win32': Not used on non-Windows systems
[4.413s] INFO:colcon.colcon_notification.desktop_notification:Sending desktop notification using 'notify2'
[4.415s] DEBUG:colcon.colcon_notification.desktop_notification.notify2:Failed to initialize notify2: org.freedesktop.DBus.Error.Spawn.ExecFailed: /usr/bin/dbus-launch terminated abnormally without any error message
[4.416s] DEBUG:colcon.colcon_core.event_reactor:joined thread
[4.416s] INFO:colcon.colcon_core.shell:Creating prefix script '/home/colcon_ws/src/dynamixel_wrapper/install/local_setup.ps1'
[4.417s] INFO:colcon.colcon_core.shell:Creating prefix util module '/home/colcon_ws/src/dynamixel_wrapper/install/_local_setup_util_ps1.py'
[4.418s] INFO:colcon.colcon_core.shell:Creating prefix chain script '/home/colcon_ws/src/dynamixel_wrapper/install/setup.ps1'
[4.418s] INFO:colcon.colcon_core.shell:Creating prefix script '/home/colcon_ws/src/dynamixel_wrapper/install/local_setup.sh'
[4.419s] INFO:colcon.colcon_core.shell:Creating prefix util module '/home/colcon_ws/src/dynamixel_wrapper/install/_local_setup_util_sh.py'
[4.419s] INFO:colcon.colcon_core.shell:Creating prefix chain script '/home/colcon_ws/src/dynamixel_wrapper/install/setup.sh'
[4.420s] INFO:colcon.colcon_core.shell:Creating prefix script '/home/colcon_ws/src/dynamixel_wrapper/install/local_setup.bash'
[4.420s] INFO:colcon.colcon_core.shell:Creating prefix chain script '/home/colcon_ws/src/dynamixel_wrapper/install/setup.bash'
[4.421s] INFO:colcon.colcon_core.shell:Creating prefix script '/home/colcon_ws/src/dynamixel_wrapper/install/local_setup.zsh'
[4.421s] INFO:colcon.colcon_core.shell:Creating prefix chain script '/home/colcon_ws/src/dynamixel_wrapper/install/setup.zsh'
